// Jest Snapshot v1, https://goo.gl/fbAQLP

exports[`Board renders correctly when LOOSE 1`] = `
<p
  style={
    Object {
      "backgroundColor": "#F7F7F7",
      "border": "solid red 3px",
      "display": "flex",
      "flexFlow": "row wrap",
      "height": "800px",
      "justifyContent": "center",
      "width": "600px",
    }
  }
>
   I 
  LOOSE
   
</p>
`;

exports[`Board renders correctly when WON 1`] = `
<p
  style={
    Object {
      "backgroundColor": "#F7F7F7",
      "border": "solid red 3px",
      "display": "flex",
      "flexFlow": "row wrap",
      "height": "800px",
      "justifyContent": "center",
      "width": "600px",
    }
  }
>
   I 
  WON
   
</p>
`;

exports[`Board renders correctly when beggining and host 1`] = `
<p
  style={
    Object {
      "backgroundColor": "#F7F7F7",
      "border": "solid red 3px",
      "display": "flex",
      "flexFlow": "row wrap",
      "height": "800px",
      "justifyContent": "center",
      "width": "600px",
    }
  }
>
  press enter
</p>
`;

exports[`Board renders correctly when beggining and player2 1`] = `
<p
  style={
    Object {
      "backgroundColor": "#F7F7F7",
      "border": "solid red 3px",
      "display": "flex",
      "flexFlow": "row wrap",
      "height": "800px",
      "justifyContent": "center",
      "width": "600px",
    }
  }
>
  waiting host
</p>
`;

exports[`Board renders correctly when running initial 1`] = `
<div
  style={
    Object {
      "backgroundColor": "#F7F7F7",
      "border": "solid red 3px",
      "display": "flex",
      "flexFlow": "row wrap",
      "height": "800px",
      "justifyContent": "center",
      "width": "600px",
    }
  }
>
  <div
    key="00"
    style={
      Object {
        "backgroundColor": "white",
        "border": "solid black 1px",
        "borderRadius": "0px",
        "height": "36px",
        "opacity": "1",
        "width": "9%",
      }
    }
  />
  <div
    key="01"
    style={
      Object {
        "backgroundColor": "white",
        "border": "solid black 1px",
        "borderRadius": "0px",
        "height": "36px",
        "opacity": "1",
        "width": "9%",
      }
    }
  />
  <div
    key="02"
    style={
      Object {
        "backgroundColor": "white",
        "border": "solid black 1px",
        "borderRadius": "0px",
        "height": "36px",
        "opacity": "1",
        "width": "9%",
      }
    }
  />
  <div
    key="03"
    style={
      Object {
        "backgroundColor": "white",
        "border": "solid black 1px",
        "borderRadius": "0px",
        "height": "36px",
        "opacity": "1",
        "width": "9%",
      }
    }
  />
  <div
    key="04"
    style={
      Object {
        "backgroundColor": "white",
        "border": "solid black 1px",
        "borderRadius": "0px",
        "height": "36px",
        "opacity": "1",
        "width": "9%",
      }
    }
  />
  <div
    key="05"
    style={
      Object {
        "backgroundColor": "white",
        "border": "solid black 1px",
        "borderRadius": "0px",
        "height": "36px",
        "opacity": "1",
        "width": "9%",
      }
    }
  />
  <div
    key="06"
    style={
      Object {
        "backgroundColor": "white",
        "border": "solid black 1px",
        "borderRadius": "0px",
        "height": "36px",
        "opacity": "1",
        "width": "9%",
      }
    }
  />
  <div
    key="07"
    style={
      Object {
        "backgroundColor": "white",
        "border": "solid black 1px",
        "borderRadius": "0px",
        "height": "36px",
        "opacity": "1",
        "width": "9%",
      }
    }
  />
  <div
    key="08"
    style={
      Object {
        "backgroundColor": "white",
        "border": "solid black 1px",
        "borderRadius": "0px",
        "height": "36px",
        "opacity": "1",
        "width": "9%",
      }
    }
  />
  <div
    key="09"
    style={
      Object {
        "backgroundColor": "white",
        "border": "solid black 1px",
        "borderRadius": "0px",
        "height": "36px",
        "opacity": "1",
        "width": "9%",
      }
    }
  />
  <div
    key="10"
    style={
      Object {
        "backgroundColor": "white",
        "border": "solid black 1px",
        "borderRadius": "0px",
        "height": "36px",
        "opacity": "1",
        "width": "9%",
      }
    }
  />
  <div
    key="11"
    style={
      Object {
        "backgroundColor": "white",
        "border": "solid black 1px",
        "borderRadius": "0px",
        "height": "36px",
        "opacity": "1",
        "width": "9%",
      }
    }
  />
  <div
    key="12"
    style={
      Object {
        "backgroundColor": "white",
        "border": "solid black 1px",
        "borderRadius": "0px",
        "height": "36px",
        "opacity": "1",
        "width": "9%",
      }
    }
  />
  <div
    key="13"
    style={
      Object {
        "backgroundColor": "white",
        "border": "solid black 1px",
        "borderRadius": "0px",
        "height": "36px",
        "opacity": "1",
        "width": "9%",
      }
    }
  />
  <div
    key="14"
    style={
      Object {
        "backgroundColor": "white",
        "border": "solid black 1px",
        "borderRadius": "0px",
        "height": "36px",
        "opacity": "1",
        "width": "9%",
      }
    }
  />
  <div
    key="15"
    style={
      Object {
        "backgroundColor": "white",
        "border": "solid black 1px",
        "borderRadius": "0px",
        "height": "36px",
        "opacity": "1",
        "width": "9%",
      }
    }
  />
  <div
    key="16"
    style={
      Object {
        "backgroundColor": "white",
        "border": "solid black 1px",
        "borderRadius": "0px",
        "height": "36px",
        "opacity": "1",
        "width": "9%",
      }
    }
  />
  <div
    key="17"
    style={
      Object {
        "backgroundColor": "white",
        "border": "solid black 1px",
        "borderRadius": "0px",
        "height": "36px",
        "opacity": "1",
        "width": "9%",
      }
    }
  />
  <div
    key="18"
    style={
      Object {
        "backgroundColor": "white",
        "border": "solid black 1px",
        "borderRadius": "0px",
        "height": "36px",
        "opacity": "1",
        "width": "9%",
      }
    }
  />
  <div
    key="19"
    style={
      Object {
        "backgroundColor": "white",
        "border": "solid black 1px",
        "borderRadius": "0px",
        "height": "36px",
        "opacity": "1",
        "width": "9%",
      }
    }
  />
  <div
    key="20"
    style={
      Object {
        "backgroundColor": "white",
        "border": "solid black 1px",
        "borderRadius": "0px",
        "height": "36px",
        "opacity": "1",
        "width": "9%",
      }
    }
  />
  <div
    key="21"
    style={
      Object {
        "backgroundColor": "white",
        "border": "solid black 1px",
        "borderRadius": "0px",
        "height": "36px",
        "opacity": "1",
        "width": "9%",
      }
    }
  />
  <div
    key="22"
    style={
      Object {
        "backgroundColor": "white",
        "border": "solid black 1px",
        "borderRadius": "0px",
        "height": "36px",
        "opacity": "1",
        "width": "9%",
      }
    }
  />
  <div
    key="23"
    style={
      Object {
        "backgroundColor": "white",
        "border": "solid black 1px",
        "borderRadius": "0px",
        "height": "36px",
        "opacity": "1",
        "width": "9%",
      }
    }
  />
  <div
    key="24"
    style={
      Object {
        "backgroundColor": "white",
        "border": "solid black 1px",
        "borderRadius": "0px",
        "height": "36px",
        "opacity": "1",
        "width": "9%",
      }
    }
  />
  <div
    key="25"
    style={
      Object {
        "backgroundColor": "white",
        "border": "solid black 1px",
        "borderRadius": "0px",
        "height": "36px",
        "opacity": "1",
        "width": "9%",
      }
    }
  />
  <div
    key="26"
    style={
      Object {
        "backgroundColor": "white",
        "border": "solid black 1px",
        "borderRadius": "0px",
        "height": "36px",
        "opacity": "1",
        "width": "9%",
      }
    }
  />
  <div
    key="27"
    style={
      Object {
        "backgroundColor": "white",
        "border": "solid black 1px",
        "borderRadius": "0px",
        "height": "36px",
        "opacity": "1",
        "width": "9%",
      }
    }
  />
  <div
    key="28"
    style={
      Object {
        "backgroundColor": "white",
        "border": "solid black 1px",
        "borderRadius": "0px",
        "height": "36px",
        "opacity": "1",
        "width": "9%",
      }
    }
  />
  <div
    key="29"
    style={
      Object {
        "backgroundColor": "white",
        "border": "solid black 1px",
        "borderRadius": "0px",
        "height": "36px",
        "opacity": "1",
        "width": "9%",
      }
    }
  />
  <div
    key="30"
    style={
      Object {
        "backgroundColor": "white",
        "border": "solid black 1px",
        "borderRadius": "0px",
        "height": "36px",
        "opacity": "1",
        "width": "9%",
      }
    }
  />
  <div
    key="31"
    style={
      Object {
        "backgroundColor": "white",
        "border": "solid black 1px",
        "borderRadius": "0px",
        "height": "36px",
        "opacity": "1",
        "width": "9%",
      }
    }
  />
  <div
    key="32"
    style={
      Object {
        "backgroundColor": "white",
        "border": "solid black 1px",
        "borderRadius": "0px",
        "height": "36px",
        "opacity": "1",
        "width": "9%",
      }
    }
  />
  <div
    key="33"
    style={
      Object {
        "backgroundColor": "white",
        "border": "solid black 1px",
        "borderRadius": "0px",
        "height": "36px",
        "opacity": "1",
        "width": "9%",
      }
    }
  />
  <div
    key="34"
    style={
      Object {
        "backgroundColor": "white",
        "border": "solid black 1px",
        "borderRadius": "0px",
        "height": "36px",
        "opacity": "1",
        "width": "9%",
      }
    }
  />
  <div
    key="35"
    style={
      Object {
        "backgroundColor": "white",
        "border": "solid black 1px",
        "borderRadius": "0px",
        "height": "36px",
        "opacity": "1",
        "width": "9%",
      }
    }
  />
  <div
    key="36"
    style={
      Object {
        "backgroundColor": "white",
        "border": "solid black 1px",
        "borderRadius": "0px",
        "height": "36px",
        "opacity": "1",
        "width": "9%",
      }
    }
  />
  <div
    key="37"
    style={
      Object {
        "backgroundColor": "white",
        "border": "solid black 1px",
        "borderRadius": "0px",
        "height": "36px",
        "opacity": "1",
        "width": "9%",
      }
    }
  />
  <div
    key="38"
    style={
      Object {
        "backgroundColor": "white",
        "border": "solid black 1px",
        "borderRadius": "0px",
        "height": "36px",
        "opacity": "1",
        "width": "9%",
      }
    }
  />
  <div
    key="39"
    style={
      Object {
        "backgroundColor": "white",
        "border": "solid black 1px",
        "borderRadius": "0px",
        "height": "36px",
        "opacity": "1",
        "width": "9%",
      }
    }
  />
  <div
    key="40"
    style={
      Object {
        "backgroundColor": "white",
        "border": "solid black 1px",
        "borderRadius": "0px",
        "height": "36px",
        "opacity": "1",
        "width": "9%",
      }
    }
  />
  <div
    key="41"
    style={
      Object {
        "backgroundColor": "white",
        "border": "solid black 1px",
        "borderRadius": "0px",
        "height": "36px",
        "opacity": "1",
        "width": "9%",
      }
    }
  />
  <div
    key="42"
    style={
      Object {
        "backgroundColor": "white",
        "border": "solid black 1px",
        "borderRadius": "0px",
        "height": "36px",
        "opacity": "1",
        "width": "9%",
      }
    }
  />
  <div
    key="43"
    style={
      Object {
        "backgroundColor": "white",
        "border": "solid black 1px",
        "borderRadius": "0px",
        "height": "36px",
        "opacity": "1",
        "width": "9%",
      }
    }
  />
  <div
    key="44"
    style={
      Object {
        "backgroundColor": "white",
        "border": "solid black 1px",
        "borderRadius": "0px",
        "height": "36px",
        "opacity": "1",
        "width": "9%",
      }
    }
  />
  <div
    key="45"
    style={
      Object {
        "backgroundColor": "white",
        "border": "solid black 1px",
        "borderRadius": "0px",
        "height": "36px",
        "opacity": "1",
        "width": "9%",
      }
    }
  />
  <div
    key="46"
    style={
      Object {
        "backgroundColor": "white",
        "border": "solid black 1px",
        "borderRadius": "0px",
        "height": "36px",
        "opacity": "1",
        "width": "9%",
      }
    }
  />
  <div
    key="47"
    style={
      Object {
        "backgroundColor": "white",
        "border": "solid black 1px",
        "borderRadius": "0px",
        "height": "36px",
        "opacity": "1",
        "width": "9%",
      }
    }
  />
  <div
    key="48"
    style={
      Object {
        "backgroundColor": "white",
        "border": "solid black 1px",
        "borderRadius": "0px",
        "height": "36px",
        "opacity": "1",
        "width": "9%",
      }
    }
  />
  <div
    key="49"
    style={
      Object {
        "backgroundColor": "white",
        "border": "solid black 1px",
        "borderRadius": "0px",
        "height": "36px",
        "opacity": "1",
        "width": "9%",
      }
    }
  />
  <div
    key="50"
    style={
      Object {
        "backgroundColor": "white",
        "border": "solid black 1px",
        "borderRadius": "0px",
        "height": "36px",
        "opacity": "1",
        "width": "9%",
      }
    }
  />
  <div
    key="51"
    style={
      Object {
        "backgroundColor": "white",
        "border": "solid black 1px",
        "borderRadius": "0px",
        "height": "36px",
        "opacity": "1",
        "width": "9%",
      }
    }
  />
  <div
    key="52"
    style={
      Object {
        "backgroundColor": "white",
        "border": "solid black 1px",
        "borderRadius": "0px",
        "height": "36px",
        "opacity": "1",
        "width": "9%",
      }
    }
  />
  <div
    key="53"
    style={
      Object {
        "backgroundColor": "white",
        "border": "solid black 1px",
        "borderRadius": "0px",
        "height": "36px",
        "opacity": "1",
        "width": "9%",
      }
    }
  />
  <div
    key="54"
    style={
      Object {
        "backgroundColor": "white",
        "border": "solid black 1px",
        "borderRadius": "0px",
        "height": "36px",
        "opacity": "1",
        "width": "9%",
      }
    }
  />
  <div
    key="55"
    style={
      Object {
        "backgroundColor": "white",
        "border": "solid black 1px",
        "borderRadius": "0px",
        "height": "36px",
        "opacity": "1",
        "width": "9%",
      }
    }
  />
  <div
    key="56"
    style={
      Object {
        "backgroundColor": "white",
        "border": "solid black 1px",
        "borderRadius": "0px",
        "height": "36px",
        "opacity": "1",
        "width": "9%",
      }
    }
  />
  <div
    key="57"
    style={
      Object {
        "backgroundColor": "white",
        "border": "solid black 1px",
        "borderRadius": "0px",
        "height": "36px",
        "opacity": "1",
        "width": "9%",
      }
    }
  />
  <div
    key="58"
    style={
      Object {
        "backgroundColor": "white",
        "border": "solid black 1px",
        "borderRadius": "0px",
        "height": "36px",
        "opacity": "1",
        "width": "9%",
      }
    }
  />
  <div
    key="59"
    style={
      Object {
        "backgroundColor": "white",
        "border": "solid black 1px",
        "borderRadius": "0px",
        "height": "36px",
        "opacity": "1",
        "width": "9%",
      }
    }
  />
  <div
    key="60"
    style={
      Object {
        "backgroundColor": "white",
        "border": "solid black 1px",
        "borderRadius": "0px",
        "height": "36px",
        "opacity": "1",
        "width": "9%",
      }
    }
  />
  <div
    key="61"
    style={
      Object {
        "backgroundColor": "white",
        "border": "solid black 1px",
        "borderRadius": "0px",
        "height": "36px",
        "opacity": "1",
        "width": "9%",
      }
    }
  />
  <div
    key="62"
    style={
      Object {
        "backgroundColor": "white",
        "border": "solid black 1px",
        "borderRadius": "0px",
        "height": "36px",
        "opacity": "1",
        "width": "9%",
      }
    }
  />
  <div
    key="63"
    style={
      Object {
        "backgroundColor": "white",
        "border": "solid black 1px",
        "borderRadius": "0px",
        "height": "36px",
        "opacity": "1",
        "width": "9%",
      }
    }
  />
  <div
    key="64"
    style={
      Object {
        "backgroundColor": "white",
        "border": "solid black 1px",
        "borderRadius": "0px",
        "height": "36px",
        "opacity": "1",
        "width": "9%",
      }
    }
  />
  <div
    key="65"
    style={
      Object {
        "backgroundColor": "white",
        "border": "solid black 1px",
        "borderRadius": "0px",
        "height": "36px",
        "opacity": "1",
        "width": "9%",
      }
    }
  />
  <div
    key="66"
    style={
      Object {
        "backgroundColor": "white",
        "border": "solid black 1px",
        "borderRadius": "0px",
        "height": "36px",
        "opacity": "1",
        "width": "9%",
      }
    }
  />
  <div
    key="67"
    style={
      Object {
        "backgroundColor": "white",
        "border": "solid black 1px",
        "borderRadius": "0px",
        "height": "36px",
        "opacity": "1",
        "width": "9%",
      }
    }
  />
  <div
    key="68"
    style={
      Object {
        "backgroundColor": "white",
        "border": "solid black 1px",
        "borderRadius": "0px",
        "height": "36px",
        "opacity": "1",
        "width": "9%",
      }
    }
  />
  <div
    key="69"
    style={
      Object {
        "backgroundColor": "white",
        "border": "solid black 1px",
        "borderRadius": "0px",
        "height": "36px",
        "opacity": "1",
        "width": "9%",
      }
    }
  />
  <div
    key="70"
    style={
      Object {
        "backgroundColor": "white",
        "border": "solid black 1px",
        "borderRadius": "0px",
        "height": "36px",
        "opacity": "1",
        "width": "9%",
      }
    }
  />
  <div
    key="71"
    style={
      Object {
        "backgroundColor": "white",
        "border": "solid black 1px",
        "borderRadius": "0px",
        "height": "36px",
        "opacity": "1",
        "width": "9%",
      }
    }
  />
  <div
    key="72"
    style={
      Object {
        "backgroundColor": "white",
        "border": "solid black 1px",
        "borderRadius": "0px",
        "height": "36px",
        "opacity": "1",
        "width": "9%",
      }
    }
  />
  <div
    key="73"
    style={
      Object {
        "backgroundColor": "white",
        "border": "solid black 1px",
        "borderRadius": "0px",
        "height": "36px",
        "opacity": "1",
        "width": "9%",
      }
    }
  />
  <div
    key="74"
    style={
      Object {
        "backgroundColor": "white",
        "border": "solid black 1px",
        "borderRadius": "0px",
        "height": "36px",
        "opacity": "1",
        "width": "9%",
      }
    }
  />
  <div
    key="75"
    style={
      Object {
        "backgroundColor": "white",
        "border": "solid black 1px",
        "borderRadius": "0px",
        "height": "36px",
        "opacity": "1",
        "width": "9%",
      }
    }
  />
  <div
    key="76"
    style={
      Object {
        "backgroundColor": "white",
        "border": "solid black 1px",
        "borderRadius": "0px",
        "height": "36px",
        "opacity": "1",
        "width": "9%",
      }
    }
  />
  <div
    key="77"
    style={
      Object {
        "backgroundColor": "white",
        "border": "solid black 1px",
        "borderRadius": "0px",
        "height": "36px",
        "opacity": "1",
        "width": "9%",
      }
    }
  />
  <div
    key="78"
    style={
      Object {
        "backgroundColor": "white",
        "border": "solid black 1px",
        "borderRadius": "0px",
        "height": "36px",
        "opacity": "1",
        "width": "9%",
      }
    }
  />
  <div
    key="79"
    style={
      Object {
        "backgroundColor": "white",
        "border": "solid black 1px",
        "borderRadius": "0px",
        "height": "36px",
        "opacity": "1",
        "width": "9%",
      }
    }
  />
  <div
    key="80"
    style={
      Object {
        "backgroundColor": "white",
        "border": "solid black 1px",
        "borderRadius": "0px",
        "height": "36px",
        "opacity": "1",
        "width": "9%",
      }
    }
  />
  <div
    key="81"
    style={
      Object {
        "backgroundColor": "white",
        "border": "solid black 1px",
        "borderRadius": "0px",
        "height": "36px",
        "opacity": "1",
        "width": "9%",
      }
    }
  />
  <div
    key="82"
    style={
      Object {
        "backgroundColor": "white",
        "border": "solid black 1px",
        "borderRadius": "0px",
        "height": "36px",
        "opacity": "1",
        "width": "9%",
      }
    }
  />
  <div
    key="83"
    style={
      Object {
        "backgroundColor": "white",
        "border": "solid black 1px",
        "borderRadius": "0px",
        "height": "36px",
        "opacity": "1",
        "width": "9%",
      }
    }
  />
  <div
    key="84"
    style={
      Object {
        "backgroundColor": "white",
        "border": "solid black 1px",
        "borderRadius": "0px",
        "height": "36px",
        "opacity": "1",
        "width": "9%",
      }
    }
  />
  <div
    key="85"
    style={
      Object {
        "backgroundColor": "white",
        "border": "solid black 1px",
        "borderRadius": "0px",
        "height": "36px",
        "opacity": "1",
        "width": "9%",
      }
    }
  />
  <div
    key="86"
    style={
      Object {
        "backgroundColor": "white",
        "border": "solid black 1px",
        "borderRadius": "0px",
        "height": "36px",
        "opacity": "1",
        "width": "9%",
      }
    }
  />
  <div
    key="87"
    style={
      Object {
        "backgroundColor": "white",
        "border": "solid black 1px",
        "borderRadius": "0px",
        "height": "36px",
        "opacity": "1",
        "width": "9%",
      }
    }
  />
  <div
    key="88"
    style={
      Object {
        "backgroundColor": "white",
        "border": "solid black 1px",
        "borderRadius": "0px",
        "height": "36px",
        "opacity": "1",
        "width": "9%",
      }
    }
  />
  <div
    key="89"
    style={
      Object {
        "backgroundColor": "white",
        "border": "solid black 1px",
        "borderRadius": "0px",
        "height": "36px",
        "opacity": "1",
        "width": "9%",
      }
    }
  />
  <div
    key="90"
    style={
      Object {
        "backgroundColor": "white",
        "border": "solid black 1px",
        "borderRadius": "0px",
        "height": "36px",
        "opacity": "1",
        "width": "9%",
      }
    }
  />
  <div
    key="91"
    style={
      Object {
        "backgroundColor": "white",
        "border": "solid black 1px",
        "borderRadius": "0px",
        "height": "36px",
        "opacity": "1",
        "width": "9%",
      }
    }
  />
  <div
    key="92"
    style={
      Object {
        "backgroundColor": "white",
        "border": "solid black 1px",
        "borderRadius": "0px",
        "height": "36px",
        "opacity": "1",
        "width": "9%",
      }
    }
  />
  <div
    key="93"
    style={
      Object {
        "backgroundColor": "white",
        "border": "solid black 1px",
        "borderRadius": "0px",
        "height": "36px",
        "opacity": "1",
        "width": "9%",
      }
    }
  />
  <div
    key="94"
    style={
      Object {
        "backgroundColor": "white",
        "border": "solid black 1px",
        "borderRadius": "0px",
        "height": "36px",
        "opacity": "1",
        "width": "9%",
      }
    }
  />
  <div
    key="95"
    style={
      Object {
        "backgroundColor": "white",
        "border": "solid black 1px",
        "borderRadius": "0px",
        "height": "36px",
        "opacity": "1",
        "width": "9%",
      }
    }
  />
  <div
    key="96"
    style={
      Object {
        "backgroundColor": "white",
        "border": "solid black 1px",
        "borderRadius": "0px",
        "height": "36px",
        "opacity": "1",
        "width": "9%",
      }
    }
  />
  <div
    key="97"
    style={
      Object {
        "backgroundColor": "white",
        "border": "solid black 1px",
        "borderRadius": "0px",
        "height": "36px",
        "opacity": "1",
        "width": "9%",
      }
    }
  />
  <div
    key="98"
    style={
      Object {
        "backgroundColor": "white",
        "border": "solid black 1px",
        "borderRadius": "0px",
        "height": "36px",
        "opacity": "1",
        "width": "9%",
      }
    }
  />
  <div
    key="99"
    style={
      Object {
        "backgroundColor": "white",
        "border": "solid black 1px",
        "borderRadius": "0px",
        "height": "36px",
        "opacity": "1",
        "width": "9%",
      }
    }
  />
  <div
    key="100"
    style={
      Object {
        "backgroundColor": "white",
        "border": "solid black 1px",
        "borderRadius": "0px",
        "height": "36px",
        "opacity": "1",
        "width": "9%",
      }
    }
  />
  <div
    key="101"
    style={
      Object {
        "backgroundColor": "white",
        "border": "solid black 1px",
        "borderRadius": "0px",
        "height": "36px",
        "opacity": "1",
        "width": "9%",
      }
    }
  />
  <div
    key="102"
    style={
      Object {
        "backgroundColor": "white",
        "border": "solid black 1px",
        "borderRadius": "0px",
        "height": "36px",
        "opacity": "1",
        "width": "9%",
      }
    }
  />
  <div
    key="103"
    style={
      Object {
        "backgroundColor": "white",
        "border": "solid black 1px",
        "borderRadius": "0px",
        "height": "36px",
        "opacity": "1",
        "width": "9%",
      }
    }
  />
  <div
    key="104"
    style={
      Object {
        "backgroundColor": "white",
        "border": "solid black 1px",
        "borderRadius": "0px",
        "height": "36px",
        "opacity": "1",
        "width": "9%",
      }
    }
  />
  <div
    key="105"
    style={
      Object {
        "backgroundColor": "white",
        "border": "solid black 1px",
        "borderRadius": "0px",
        "height": "36px",
        "opacity": "1",
        "width": "9%",
      }
    }
  />
  <div
    key="106"
    style={
      Object {
        "backgroundColor": "white",
        "border": "solid black 1px",
        "borderRadius": "0px",
        "height": "36px",
        "opacity": "1",
        "width": "9%",
      }
    }
  />
  <div
    key="107"
    style={
      Object {
        "backgroundColor": "white",
        "border": "solid black 1px",
        "borderRadius": "0px",
        "height": "36px",
        "opacity": "1",
        "width": "9%",
      }
    }
  />
  <div
    key="108"
    style={
      Object {
        "backgroundColor": "white",
        "border": "solid black 1px",
        "borderRadius": "0px",
        "height": "36px",
        "opacity": "1",
        "width": "9%",
      }
    }
  />
  <div
    key="109"
    style={
      Object {
        "backgroundColor": "white",
        "border": "solid black 1px",
        "borderRadius": "0px",
        "height": "36px",
        "opacity": "1",
        "width": "9%",
      }
    }
  />
  <div
    key="110"
    style={
      Object {
        "backgroundColor": "white",
        "border": "solid black 1px",
        "borderRadius": "0px",
        "height": "36px",
        "opacity": "1",
        "width": "9%",
      }
    }
  />
  <div
    key="111"
    style={
      Object {
        "backgroundColor": "white",
        "border": "solid black 1px",
        "borderRadius": "0px",
        "height": "36px",
        "opacity": "1",
        "width": "9%",
      }
    }
  />
  <div
    key="112"
    style={
      Object {
        "backgroundColor": "white",
        "border": "solid black 1px",
        "borderRadius": "0px",
        "height": "36px",
        "opacity": "1",
        "width": "9%",
      }
    }
  />
  <div
    key="113"
    style={
      Object {
        "backgroundColor": "white",
        "border": "solid black 1px",
        "borderRadius": "0px",
        "height": "36px",
        "opacity": "1",
        "width": "9%",
      }
    }
  />
  <div
    key="114"
    style={
      Object {
        "backgroundColor": "white",
        "border": "solid black 1px",
        "borderRadius": "0px",
        "height": "36px",
        "opacity": "1",
        "width": "9%",
      }
    }
  />
  <div
    key="115"
    style={
      Object {
        "backgroundColor": "white",
        "border": "solid black 1px",
        "borderRadius": "0px",
        "height": "36px",
        "opacity": "1",
        "width": "9%",
      }
    }
  />
  <div
    key="116"
    style={
      Object {
        "backgroundColor": "white",
        "border": "solid black 1px",
        "borderRadius": "0px",
        "height": "36px",
        "opacity": "1",
        "width": "9%",
      }
    }
  />
  <div
    key="117"
    style={
      Object {
        "backgroundColor": "white",
        "border": "solid black 1px",
        "borderRadius": "0px",
        "height": "36px",
        "opacity": "1",
        "width": "9%",
      }
    }
  />
  <div
    key="118"
    style={
      Object {
        "backgroundColor": "white",
        "border": "solid black 1px",
        "borderRadius": "0px",
        "height": "36px",
        "opacity": "1",
        "width": "9%",
      }
    }
  />
  <div
    key="119"
    style={
      Object {
        "backgroundColor": "white",
        "border": "solid black 1px",
        "borderRadius": "0px",
        "height": "36px",
        "opacity": "1",
        "width": "9%",
      }
    }
  />
  <div
    key="120"
    style={
      Object {
        "backgroundColor": "white",
        "border": "solid black 1px",
        "borderRadius": "0px",
        "height": "36px",
        "opacity": "1",
        "width": "9%",
      }
    }
  />
  <div
    key="121"
    style={
      Object {
        "backgroundColor": "white",
        "border": "solid black 1px",
        "borderRadius": "0px",
        "height": "36px",
        "opacity": "1",
        "width": "9%",
      }
    }
  />
  <div
    key="122"
    style={
      Object {
        "backgroundColor": "white",
        "border": "solid black 1px",
        "borderRadius": "0px",
        "height": "36px",
        "opacity": "1",
        "width": "9%",
      }
    }
  />
  <div
    key="123"
    style={
      Object {
        "backgroundColor": "white",
        "border": "solid black 1px",
        "borderRadius": "0px",
        "height": "36px",
        "opacity": "1",
        "width": "9%",
      }
    }
  />
  <div
    key="124"
    style={
      Object {
        "backgroundColor": "white",
        "border": "solid black 1px",
        "borderRadius": "0px",
        "height": "36px",
        "opacity": "1",
        "width": "9%",
      }
    }
  />
  <div
    key="125"
    style={
      Object {
        "backgroundColor": "white",
        "border": "solid black 1px",
        "borderRadius": "0px",
        "height": "36px",
        "opacity": "1",
        "width": "9%",
      }
    }
  />
  <div
    key="126"
    style={
      Object {
        "backgroundColor": "white",
        "border": "solid black 1px",
        "borderRadius": "0px",
        "height": "36px",
        "opacity": "1",
        "width": "9%",
      }
    }
  />
  <div
    key="127"
    style={
      Object {
        "backgroundColor": "white",
        "border": "solid black 1px",
        "borderRadius": "0px",
        "height": "36px",
        "opacity": "1",
        "width": "9%",
      }
    }
  />
  <div
    key="128"
    style={
      Object {
        "backgroundColor": "white",
        "border": "solid black 1px",
        "borderRadius": "0px",
        "height": "36px",
        "opacity": "1",
        "width": "9%",
      }
    }
  />
  <div
    key="129"
    style={
      Object {
        "backgroundColor": "white",
        "border": "solid black 1px",
        "borderRadius": "0px",
        "height": "36px",
        "opacity": "1",
        "width": "9%",
      }
    }
  />
  <div
    key="130"
    style={
      Object {
        "backgroundColor": "white",
        "border": "solid black 1px",
        "borderRadius": "0px",
        "height": "36px",
        "opacity": "1",
        "width": "9%",
      }
    }
  />
  <div
    key="131"
    style={
      Object {
        "backgroundColor": "white",
        "border": "solid black 1px",
        "borderRadius": "0px",
        "height": "36px",
        "opacity": "1",
        "width": "9%",
      }
    }
  />
  <div
    key="132"
    style={
      Object {
        "backgroundColor": "white",
        "border": "solid black 1px",
        "borderRadius": "0px",
        "height": "36px",
        "opacity": "1",
        "width": "9%",
      }
    }
  />
  <div
    key="133"
    style={
      Object {
        "backgroundColor": "white",
        "border": "solid black 1px",
        "borderRadius": "0px",
        "height": "36px",
        "opacity": "1",
        "width": "9%",
      }
    }
  />
  <div
    key="134"
    style={
      Object {
        "backgroundColor": "white",
        "border": "solid black 1px",
        "borderRadius": "0px",
        "height": "36px",
        "opacity": "1",
        "width": "9%",
      }
    }
  />
  <div
    key="135"
    style={
      Object {
        "backgroundColor": "white",
        "border": "solid black 1px",
        "borderRadius": "0px",
        "height": "36px",
        "opacity": "1",
        "width": "9%",
      }
    }
  />
  <div
    key="136"
    style={
      Object {
        "backgroundColor": "white",
        "border": "solid black 1px",
        "borderRadius": "0px",
        "height": "36px",
        "opacity": "1",
        "width": "9%",
      }
    }
  />
  <div
    key="137"
    style={
      Object {
        "backgroundColor": "white",
        "border": "solid black 1px",
        "borderRadius": "0px",
        "height": "36px",
        "opacity": "1",
        "width": "9%",
      }
    }
  />
  <div
    key="138"
    style={
      Object {
        "backgroundColor": "white",
        "border": "solid black 1px",
        "borderRadius": "0px",
        "height": "36px",
        "opacity": "1",
        "width": "9%",
      }
    }
  />
  <div
    key="139"
    style={
      Object {
        "backgroundColor": "white",
        "border": "solid black 1px",
        "borderRadius": "0px",
        "height": "36px",
        "opacity": "1",
        "width": "9%",
      }
    }
  />
  <div
    key="140"
    style={
      Object {
        "backgroundColor": "white",
        "border": "solid black 1px",
        "borderRadius": "0px",
        "height": "36px",
        "opacity": "1",
        "width": "9%",
      }
    }
  />
  <div
    key="141"
    style={
      Object {
        "backgroundColor": "white",
        "border": "solid black 1px",
        "borderRadius": "0px",
        "height": "36px",
        "opacity": "1",
        "width": "9%",
      }
    }
  />
  <div
    key="142"
    style={
      Object {
        "backgroundColor": "white",
        "border": "solid black 1px",
        "borderRadius": "0px",
        "height": "36px",
        "opacity": "1",
        "width": "9%",
      }
    }
  />
  <div
    key="143"
    style={
      Object {
        "backgroundColor": "white",
        "border": "solid black 1px",
        "borderRadius": "0px",
        "height": "36px",
        "opacity": "1",
        "width": "9%",
      }
    }
  />
  <div
    key="144"
    style={
      Object {
        "backgroundColor": "white",
        "border": "solid black 1px",
        "borderRadius": "0px",
        "height": "36px",
        "opacity": "1",
        "width": "9%",
      }
    }
  />
  <div
    key="145"
    style={
      Object {
        "backgroundColor": "white",
        "border": "solid black 1px",
        "borderRadius": "0px",
        "height": "36px",
        "opacity": "1",
        "width": "9%",
      }
    }
  />
  <div
    key="146"
    style={
      Object {
        "backgroundColor": "white",
        "border": "solid black 1px",
        "borderRadius": "0px",
        "height": "36px",
        "opacity": "1",
        "width": "9%",
      }
    }
  />
  <div
    key="147"
    style={
      Object {
        "backgroundColor": "white",
        "border": "solid black 1px",
        "borderRadius": "0px",
        "height": "36px",
        "opacity": "1",
        "width": "9%",
      }
    }
  />
  <div
    key="148"
    style={
      Object {
        "backgroundColor": "white",
        "border": "solid black 1px",
        "borderRadius": "0px",
        "height": "36px",
        "opacity": "1",
        "width": "9%",
      }
    }
  />
  <div
    key="149"
    style={
      Object {
        "backgroundColor": "white",
        "border": "solid black 1px",
        "borderRadius": "0px",
        "height": "36px",
        "opacity": "1",
        "width": "9%",
      }
    }
  />
  <div
    key="150"
    style={
      Object {
        "backgroundColor": "white",
        "border": "solid black 1px",
        "borderRadius": "0px",
        "height": "36px",
        "opacity": "1",
        "width": "9%",
      }
    }
  />
  <div
    key="151"
    style={
      Object {
        "backgroundColor": "white",
        "border": "solid black 1px",
        "borderRadius": "0px",
        "height": "36px",
        "opacity": "1",
        "width": "9%",
      }
    }
  />
  <div
    key="152"
    style={
      Object {
        "backgroundColor": "white",
        "border": "solid black 1px",
        "borderRadius": "0px",
        "height": "36px",
        "opacity": "1",
        "width": "9%",
      }
    }
  />
  <div
    key="153"
    style={
      Object {
        "backgroundColor": "white",
        "border": "solid black 1px",
        "borderRadius": "0px",
        "height": "36px",
        "opacity": "1",
        "width": "9%",
      }
    }
  />
  <div
    key="154"
    style={
      Object {
        "backgroundColor": "white",
        "border": "solid black 1px",
        "borderRadius": "0px",
        "height": "36px",
        "opacity": "1",
        "width": "9%",
      }
    }
  />
  <div
    key="155"
    style={
      Object {
        "backgroundColor": "white",
        "border": "solid black 1px",
        "borderRadius": "0px",
        "height": "36px",
        "opacity": "1",
        "width": "9%",
      }
    }
  />
  <div
    key="156"
    style={
      Object {
        "backgroundColor": "white",
        "border": "solid black 1px",
        "borderRadius": "0px",
        "height": "36px",
        "opacity": "1",
        "width": "9%",
      }
    }
  />
  <div
    key="157"
    style={
      Object {
        "backgroundColor": "white",
        "border": "solid black 1px",
        "borderRadius": "0px",
        "height": "36px",
        "opacity": "1",
        "width": "9%",
      }
    }
  />
  <div
    key="158"
    style={
      Object {
        "backgroundColor": "white",
        "border": "solid black 1px",
        "borderRadius": "0px",
        "height": "36px",
        "opacity": "1",
        "width": "9%",
      }
    }
  />
  <div
    key="159"
    style={
      Object {
        "backgroundColor": "white",
        "border": "solid black 1px",
        "borderRadius": "0px",
        "height": "36px",
        "opacity": "1",
        "width": "9%",
      }
    }
  />
  <div
    key="160"
    style={
      Object {
        "backgroundColor": "white",
        "border": "solid black 1px",
        "borderRadius": "0px",
        "height": "36px",
        "opacity": "1",
        "width": "9%",
      }
    }
  />
  <div
    key="161"
    style={
      Object {
        "backgroundColor": "white",
        "border": "solid black 1px",
        "borderRadius": "0px",
        "height": "36px",
        "opacity": "1",
        "width": "9%",
      }
    }
  />
  <div
    key="162"
    style={
      Object {
        "backgroundColor": "white",
        "border": "solid black 1px",
        "borderRadius": "0px",
        "height": "36px",
        "opacity": "1",
        "width": "9%",
      }
    }
  />
  <div
    key="163"
    style={
      Object {
        "backgroundColor": "white",
        "border": "solid black 1px",
        "borderRadius": "0px",
        "height": "36px",
        "opacity": "1",
        "width": "9%",
      }
    }
  />
  <div
    key="164"
    style={
      Object {
        "backgroundColor": "white",
        "border": "solid black 1px",
        "borderRadius": "0px",
        "height": "36px",
        "opacity": "1",
        "width": "9%",
      }
    }
  />
  <div
    key="165"
    style={
      Object {
        "backgroundColor": "white",
        "border": "solid black 1px",
        "borderRadius": "0px",
        "height": "36px",
        "opacity": "1",
        "width": "9%",
      }
    }
  />
  <div
    key="166"
    style={
      Object {
        "backgroundColor": "white",
        "border": "solid black 1px",
        "borderRadius": "0px",
        "height": "36px",
        "opacity": "1",
        "width": "9%",
      }
    }
  />
  <div
    key="167"
    style={
      Object {
        "backgroundColor": "white",
        "border": "solid black 1px",
        "borderRadius": "0px",
        "height": "36px",
        "opacity": "1",
        "width": "9%",
      }
    }
  />
  <div
    key="168"
    style={
      Object {
        "backgroundColor": "white",
        "border": "solid black 1px",
        "borderRadius": "0px",
        "height": "36px",
        "opacity": "1",
        "width": "9%",
      }
    }
  />
  <div
    key="169"
    style={
      Object {
        "backgroundColor": "white",
        "border": "solid black 1px",
        "borderRadius": "0px",
        "height": "36px",
        "opacity": "1",
        "width": "9%",
      }
    }
  />
  <div
    key="170"
    style={
      Object {
        "backgroundColor": "white",
        "border": "solid black 1px",
        "borderRadius": "0px",
        "height": "36px",
        "opacity": "1",
        "width": "9%",
      }
    }
  />
  <div
    key="171"
    style={
      Object {
        "backgroundColor": "white",
        "border": "solid black 1px",
        "borderRadius": "0px",
        "height": "36px",
        "opacity": "1",
        "width": "9%",
      }
    }
  />
  <div
    key="172"
    style={
      Object {
        "backgroundColor": "white",
        "border": "solid black 1px",
        "borderRadius": "0px",
        "height": "36px",
        "opacity": "1",
        "width": "9%",
      }
    }
  />
  <div
    key="173"
    style={
      Object {
        "backgroundColor": "white",
        "border": "solid black 1px",
        "borderRadius": "0px",
        "height": "36px",
        "opacity": "1",
        "width": "9%",
      }
    }
  />
  <div
    key="174"
    style={
      Object {
        "backgroundColor": "white",
        "border": "solid black 1px",
        "borderRadius": "0px",
        "height": "36px",
        "opacity": "1",
        "width": "9%",
      }
    }
  />
  <div
    key="175"
    style={
      Object {
        "backgroundColor": "white",
        "border": "solid black 1px",
        "borderRadius": "0px",
        "height": "36px",
        "opacity": "1",
        "width": "9%",
      }
    }
  />
  <div
    key="176"
    style={
      Object {
        "backgroundColor": "white",
        "border": "solid black 1px",
        "borderRadius": "0px",
        "height": "36px",
        "opacity": "1",
        "width": "9%",
      }
    }
  />
  <div
    key="177"
    style={
      Object {
        "backgroundColor": "white",
        "border": "solid black 1px",
        "borderRadius": "0px",
        "height": "36px",
        "opacity": "1",
        "width": "9%",
      }
    }
  />
  <div
    key="178"
    style={
      Object {
        "backgroundColor": "white",
        "border": "solid black 1px",
        "borderRadius": "0px",
        "height": "36px",
        "opacity": "1",
        "width": "9%",
      }
    }
  />
  <div
    key="179"
    style={
      Object {
        "backgroundColor": "white",
        "border": "solid black 1px",
        "borderRadius": "0px",
        "height": "36px",
        "opacity": "1",
        "width": "9%",
      }
    }
  />
  <div
    key="180"
    style={
      Object {
        "backgroundColor": "white",
        "border": "solid black 1px",
        "borderRadius": "0px",
        "height": "36px",
        "opacity": "1",
        "width": "9%",
      }
    }
  />
  <div
    key="181"
    style={
      Object {
        "backgroundColor": "white",
        "border": "solid black 1px",
        "borderRadius": "0px",
        "height": "36px",
        "opacity": "1",
        "width": "9%",
      }
    }
  />
  <div
    key="182"
    style={
      Object {
        "backgroundColor": "white",
        "border": "solid black 1px",
        "borderRadius": "0px",
        "height": "36px",
        "opacity": "1",
        "width": "9%",
      }
    }
  />
  <div
    key="183"
    style={
      Object {
        "backgroundColor": "white",
        "border": "solid black 1px",
        "borderRadius": "0px",
        "height": "36px",
        "opacity": "1",
        "width": "9%",
      }
    }
  />
  <div
    key="184"
    style={
      Object {
        "backgroundColor": "white",
        "border": "solid black 1px",
        "borderRadius": "0px",
        "height": "36px",
        "opacity": "1",
        "width": "9%",
      }
    }
  />
  <div
    key="185"
    style={
      Object {
        "backgroundColor": "white",
        "border": "solid black 1px",
        "borderRadius": "0px",
        "height": "36px",
        "opacity": "1",
        "width": "9%",
      }
    }
  />
  <div
    key="186"
    style={
      Object {
        "backgroundColor": "white",
        "border": "solid black 1px",
        "borderRadius": "0px",
        "height": "36px",
        "opacity": "1",
        "width": "9%",
      }
    }
  />
  <div
    key="187"
    style={
      Object {
        "backgroundColor": "white",
        "border": "solid black 1px",
        "borderRadius": "0px",
        "height": "36px",
        "opacity": "1",
        "width": "9%",
      }
    }
  />
  <div
    key="188"
    style={
      Object {
        "backgroundColor": "white",
        "border": "solid black 1px",
        "borderRadius": "0px",
        "height": "36px",
        "opacity": "1",
        "width": "9%",
      }
    }
  />
  <div
    key="189"
    style={
      Object {
        "backgroundColor": "white",
        "border": "solid black 1px",
        "borderRadius": "0px",
        "height": "36px",
        "opacity": "1",
        "width": "9%",
      }
    }
  />
  <div
    key="190"
    style={
      Object {
        "backgroundColor": "white",
        "border": "solid black 1px",
        "borderRadius": "0px",
        "height": "36px",
        "opacity": "1",
        "width": "9%",
      }
    }
  />
  <div
    key="191"
    style={
      Object {
        "backgroundColor": "white",
        "border": "solid black 1px",
        "borderRadius": "0px",
        "height": "36px",
        "opacity": "1",
        "width": "9%",
      }
    }
  />
  <div
    key="192"
    style={
      Object {
        "backgroundColor": "white",
        "border": "solid black 1px",
        "borderRadius": "0px",
        "height": "36px",
        "opacity": "1",
        "width": "9%",
      }
    }
  />
  <div
    key="193"
    style={
      Object {
        "backgroundColor": "white",
        "border": "solid black 1px",
        "borderRadius": "0px",
        "height": "36px",
        "opacity": "1",
        "width": "9%",
      }
    }
  />
  <div
    key="194"
    style={
      Object {
        "backgroundColor": "white",
        "border": "solid black 1px",
        "borderRadius": "0px",
        "height": "36px",
        "opacity": "1",
        "width": "9%",
      }
    }
  />
  <div
    key="195"
    style={
      Object {
        "backgroundColor": "white",
        "border": "solid black 1px",
        "borderRadius": "0px",
        "height": "36px",
        "opacity": "1",
        "width": "9%",
      }
    }
  />
  <div
    key="196"
    style={
      Object {
        "backgroundColor": "white",
        "border": "solid black 1px",
        "borderRadius": "0px",
        "height": "36px",
        "opacity": "1",
        "width": "9%",
      }
    }
  />
  <div
    key="197"
    style={
      Object {
        "backgroundColor": "white",
        "border": "solid black 1px",
        "borderRadius": "0px",
        "height": "36px",
        "opacity": "1",
        "width": "9%",
      }
    }
  />
  <div
    key="198"
    style={
      Object {
        "backgroundColor": "white",
        "border": "solid black 1px",
        "borderRadius": "0px",
        "height": "36px",
        "opacity": "1",
        "width": "9%",
      }
    }
  />
  <div
    key="199"
    style={
      Object {
        "backgroundColor": "white",
        "border": "solid black 1px",
        "borderRadius": "0px",
        "height": "36px",
        "opacity": "1",
        "width": "9%",
      }
    }
  />
</div>
`;
