// Jest Snapshot v1, https://goo.gl/fbAQLP

exports[`NextShape renders correctly 1`] = `
<div
  style={
    Object {
      "backgroundColor": "black",
      "display": "flex",
      "flexFlow": "row wrap",
      "justifyContent": "center",
      "width": "400px",
    }
  }
>
  <h2
    style={
      Object {
        "color": "white",
        "textAlign": "center",
        "width": "300px",
      }
    }
  >
     Next Shape 
  </h2>
  <div
    style={
      Object {
        "display": "flex",
        "flexFlow": "row wrap",
        "height": "200px",
        "justifyContent": "center",
        "width": "200px",
      }
    }
  >
    <div
      key="00"
      style={
        Object {
          "backgroundColor": "black",
          "height": "50px",
          "width": "50px",
        }
      }
    />
    <div
      key="01"
      style={
        Object {
          "backgroundColor": "black",
          "height": "50px",
          "width": "50px",
        }
      }
    />
    <div
      key="02"
      style={
        Object {
          "backgroundColor": "black",
          "height": "50px",
          "width": "50px",
        }
      }
    />
    <div
      key="03"
      style={
        Object {
          "backgroundColor": "black",
          "height": "50px",
          "width": "50px",
        }
      }
    />
    <div
      key="10"
      style={
        Object {
          "backgroundColor": "black",
          "height": "50px",
          "width": "50px",
        }
      }
    />
    <div
      key="11"
      style={
        Object {
          "backgroundColor": "black",
          "height": "50px",
          "width": "50px",
        }
      }
    />
    <div
      key="12"
      style={
        Object {
          "backgroundColor": "black",
          "height": "50px",
          "width": "50px",
        }
      }
    />
    <div
      key="13"
      style={
        Object {
          "backgroundColor": "black",
          "height": "50px",
          "width": "50px",
        }
      }
    />
    <div
      key="20"
      style={
        Object {
          "backgroundColor": "black",
          "height": "50px",
          "width": "50px",
        }
      }
    />
    <div
      key="21"
      style={
        Object {
          "backgroundColor": "black",
          "height": "50px",
          "width": "50px",
        }
      }
    />
    <div
      key="22"
      style={
        Object {
          "backgroundColor": "black",
          "height": "50px",
          "width": "50px",
        }
      }
    />
    <div
      key="23"
      style={
        Object {
          "backgroundColor": "black",
          "height": "50px",
          "width": "50px",
        }
      }
    />
    <div
      key="30"
      style={
        Object {
          "backgroundColor": "black",
          "height": "50px",
          "width": "50px",
        }
      }
    />
    <div
      key="31"
      style={
        Object {
          "backgroundColor": "black",
          "height": "50px",
          "width": "50px",
        }
      }
    />
    <div
      key="32"
      style={
        Object {
          "backgroundColor": "black",
          "height": "50px",
          "width": "50px",
        }
      }
    />
    <div
      key="33"
      style={
        Object {
          "backgroundColor": "black",
          "height": "50px",
          "width": "50px",
        }
      }
    />
  </div>
</div>
`;
